<html>
<body>
<pre>
<h1>µVision Build Log</h1>
<h2>Project:</h2>
C:\Users\elcod\Desktop\Practica3\P3.uvproj
Project File Date:  03/19/2016

<h2>Output:</h2>
Rebuild target 'Target 1'
assembling startup_LPC17xx.s...
compiling system_LPC17xx.c...
compiling main.c...
awesomeHeaderFile.h(1): warning:  #1295-D: Deprecated declaration configurarPuertos - give arg types
  extern void configurarPuertos();
awesomeHeaderFile.h(3): warning:  #1295-D: Deprecated declaration limpiarPuertos - give arg types
  extern void limpiarPuertos();
awesomeHeaderFile.h(6): warning:  #1295-D: Deprecated declaration getValorInicial - give arg types
  extern int getValorInicial();
main.c: 3 warnings, 0 errors
compiling configurarPuertos.c...
compiling getBinToBCD.c...
compiling limpiarPuertos.c...
compiling getEsPrimo.c...
compiling setDisplayLooser.c...
compiling getValorInicial.c...
compiling setNumeroBinario.c...
compiling setNumeroBCD.c...
awesomeHeaderFile.h(1): warning:  #1295-D: Deprecated declaration configurarPuertos - give arg types
  extern void configurarPuertos();
awesomeHeaderFile.h(3): warning:  #1295-D: Deprecated declaration limpiarPuertos - give arg types
  extern void limpiarPuertos();
awesomeHeaderFile.h(6): warning:  #1295-D: Deprecated declaration getValorInicial - give arg types
  extern int getValorInicial();
setNumeroBCD.c: 3 warnings, 0 errors
linking...
Program Size: Code=2836 RO-data=236 RW-data=4 ZI-data=612  
".\P3.axf" - 0 Error(s), 6 Warning(s).
</pre>
</body>
</html>
s.c...
"configurarPuertos.c" - 0 Error(s), 0 Warning(s).
compiling main.c...
awesomeHeaderFile.h(1): warning:  #1295-D: Deprecated declaration configurarPuertos - give arg types
  extern void configurarPuertos();
awesomeHeaderFile.h(3): warning:  #1295-D: Deprecated declaration limpiarPuertos - give arg types
  extern void limpiarPuertos();
awesomeHeaderFile.h(6): warning:  #1295-D: Deprecated declaration getValorInicial - give arg types
  extern int getValorInicial();
main.c: 3 warnings, 0 errors
"main.c" - 0 Error(s), 3 Warning(s).
Inicial - give arg types
  extern int getValorInicial();
main.c: 3 warnings, 0 errors
"main.c" - 0 Error(s), 3 Warning(s).
