<html>
<body>
<pre>
<h1>µVision Build Log</h1>
<h2>Project:</h2>
C:\Users\MrXuso\Desktop\Practica-4\Practica-4-master\Sources\P3.uvproj
Project File Date:  04/03/2016

<h2>Output:</h2>
Rebuild target 'Target 1'
assembling startup_LPC17xx.s...
compiling system_LPC17xx.c...
compiling main.c...
compiling configurarPuertos.c...
compiling getBinToBCD.c...
compiling limpiarPuertos.c...
compiling getEsPrimo.c...
compiling setDisplayLooser.c...
compiling getValorInicial.c...
compiling setNumeroBinario.c...
compiling setNumeroBCD.c...
linking...
Program Size: Code=3036 RO-data=236 RW-data=32 ZI-data=608  
".\P3.axf" - 0 Error(s), 0 Warning(s).
Load "C:\\Users\\MrXuso\\Desktop\\Practica-4\\Practica-4-master\\Sources\\P3.axf" 
Set JLink Project File to "C:\Users\MrXuso\Desktop\Practica-4\Practica-4-master\Sources\JLinkSettings.ini"
* JLink Info: Device "LPC1768" selected.
 
JLink info:
------------
DLL: V5.12 , compiled Mar 30 2016 17:28:31
Firmware: J-Link ARM-OB STM32 compiled Aug 22 2012 19:52:04
Hardware: V7.00
Feature(s) : RDI,FlashDL,FlashBP,JFlash,GDBFull 
 
* JLink Info: Found SWD-DP with ID 0x2BA01477
* JLink Info: Found Cortex-M3 r2p0, Little endian.
* JLink Info: FPUnit: 6 code (BP) slots and 2 literal slots
* JLink Info: CoreSight components:
* JLink Info: ROMTbl 0 @ E00FF000
* JLink Info: ROMTbl 0 [0]: FFF0F000, CID: B105E00D, PID: 002BB000 SCS
* JLink Info: ROMTbl 0 [1]: FFF02000, CID: B105E00D, PID: 002BB002 DWT
* JLink Info: ROMTbl 0 [2]: FFF03000, CID: B105E00D, PID: 002BB003 FPB
* JLink Info: ROMTbl 0 [3]: FFF01000, CID: B105E00D, PID: 002BB001 ITM
* JLink Info: ROMTbl 0 [4]: FFF41000, CID: B105900D, PID: 002BB923 TPIU-Lite
* JLink Info: ROMTbl 0 [5]: FFF42000, CID: B105900D, PID: 002BB924 ETM-M3
ROMTableAddr = 0xE00FF003
 
Target info:
------------
Device: LPC1768
VTarget = 3.300V
State of Pins: 
TCK: 0, TDI: 0, TDO: 0, TMS: 0, TRES: 1, TRST: 1
Hardware-Breakpoints: 6
Software-Breakpoints: 8192
Watchpoints:          4
JTAG speed: 4000 kHz
 
Erase Done.
Programming Done.
Verify OK.
ftware-Breakpoints: 8192
Watchpoints:          4
JTAG speed: 4000 kHz
 
Erase Done.
Programming Done.
Verify OK.

VTarget = 3.300V
State of Pins: 
TCK: 0, TDI: 0, TDO: 0, TMS: 0, TRES: 1, TRST: 1
Hardware-Breakpoints: 6
Software-Breakpoints: 8192
Watchpoints:          4
JTAG speed: 4000 kHz
 
Erase Done.
Programming Done.
Verify OK.
or: Can not read register 0 (R0) while CPU is running
***JLink Error: Can not read register 1 (R1) while CPU is running
***JLink Error: Can not read register 2 (R2) while CPU is running
***JLink Error: Can not read register 3 (R3) while CPU is running
***JLink Error: Can not read register 4 (R4) while CPU is running
***JLink Error: Can not read register 5 (R5) while CPU is running
***JLink Error: Can not read register 6 (R6) while CPU is running
***JLink Error: Can not read register 7 (R7) while CPU is running
***JLink Error: Can not read register 8 (R8) while CPU is running
***JLink Error: Can not read register 9 (R9) while CPU is running
***JLink Error: Can not read register 10 (R10) while CPU is running
***JLink Error: Can not read register 11 (R11) while CPU is running
***JLink Error: Can not read register 12 (R12) while CPU is running
***JLink Error: Can not read register 13 (R13) while CPU is running
***JLink Error: Can not read register 14 (R14) while CPU is running
***JLink Error: Can not read register 15 (R15) while CPU is running
***JLink Error: Can not read register 16 (XPSR) while CPU is running
***JLink Error: Can not read register 17 (MSP) while CPU is running
***JLink Error: Can not read register 18 (PSP) while CPU is running
***JLink Error: Can not read register 20 (CFBP) while CPU is running
Verify Failed!
Error: Flash Download failed  -  "Cortex-M3"
y OK.
s: 6
Software-Breakpoints: 8192
Watchpoints:          4
JTAG speed: 4000 kHz
 
Erase Done.
Programming Done.
Verify OK.
